AR counter behavioral C:/Users/sinan/verilog/ultrasonic/counter.vhd sub00/vhpl02 1418902066
AR clock_divider behavioral C:/Users/sinan/verilog/Seven_Segment_Display/clock_divider.vhd sub00/vhpl12 1418902076
EN clock_divider NULL C:/Users/sinan/verilog/Seven_Segment_Display/clock_divider.vhd sub00/vhpl11 1418902075
EN trigger_generator NULL C:/Users/sinan/verilog/ultrasonic/Trigger_generator.vhd sub00/vhpl03 1418902067
EN bcd_converter NULL C:/Users/sinan/verilog/ultrasonic/BCD_converter.vhd sub00/vhpl07 1418902071
EN range_sensor NULL C:/Users/sinan/verilog/ultrasonic/Range_sensor.vhd sub00/vhpl15 1418902079
EN distance_calculation NULL C:/Users/sinan/verilog/ultrasonic/Distance_calculation.vhd sub00/vhpl05 1418902069
AR segmentdriver behavioral C:/Users/sinan/verilog/Seven_Segment_Display/segmentdriver.vhd sub00/vhpl14 1418902078
AR topdesign behavioral C:/Users/sinan/verilog/ultrasonic/TopDesign.vhd sub00/vhpl17 1418902082
EN counter NULL C:/Users/sinan/verilog/ultrasonic/counter.vhd sub00/vhpl01 1418902065
AR range_sensor behavioral C:/Users/sinan/verilog/ultrasonic/Range_sensor.vhd sub00/vhpl16 1418902080
EN segmentdriver NULL C:/Users/sinan/verilog/Seven_Segment_Display/segmentdriver.vhd sub00/vhpl13 1418902077
AR bcd_converter behavioral C:/Users/sinan/verilog/ultrasonic/BCD_converter.vhd sub00/vhpl08 1418902072
EN topdesign NULL C:/Users/sinan/verilog/ultrasonic/TopDesign.vhd sub00/vhpl00 1418902081
AR segmentdecoder behavioral C:/Users/sinan/verilog/Seven_Segment_Display/segmentdecoder.vhd sub00/vhpl10 1418902074
AR distance_calculation behavioral C:/Users/sinan/verilog/ultrasonic/Distance_calculation.vhd sub00/vhpl06 1418902070
EN segmentdecoder NULL C:/Users/sinan/verilog/Seven_Segment_Display/segmentdecoder.vhd sub00/vhpl09 1418902073
AR trigger_generator behavioral C:/Users/sinan/verilog/ultrasonic/Trigger_generator.vhd sub00/vhpl04 1418902068
