V3 35
FL C:/Users/sinan/verilog/Seven_Segment_Display/clock_divider.vhd 2014/12/18.13:12:40 P.20131013
EN work/clock_divider 1418902075 \
      FL C:/Users/sinan/verilog/Seven_Segment_Display/clock_divider.vhd \
      PB ieee/std_logic_1164 1381692176 PB ieee/std_logic_arith 1381692177 \
      PB ieee/STD_LOGIC_UNSIGNED 1381692179
AR work/clock_divider/Behavioral 1418902076 \
      FL C:/Users/sinan/verilog/Seven_Segment_Display/clock_divider.vhd \
      EN work/clock_divider 1418902075
FL C:/Users/sinan/verilog/Seven_Segment_Display/segmentdecoder.vhd 2014/12/18.11:49:58 P.20131013
EN work/segmentdecoder 1418902073 \
      FL C:/Users/sinan/verilog/Seven_Segment_Display/segmentdecoder.vhd \
      PB ieee/std_logic_1164 1381692176
AR work/segmentdecoder/Behavioral 1418902074 \
      FL C:/Users/sinan/verilog/Seven_Segment_Display/segmentdecoder.vhd \
      EN work/segmentdecoder 1418902073
FL C:/Users/sinan/verilog/Seven_Segment_Display/segmentdriver.vhd 2014/12/18.13:13:31 P.20131013
EN work/segmentdriver 1418902077 \
      FL C:/Users/sinan/verilog/Seven_Segment_Display/segmentdriver.vhd \
      PB ieee/std_logic_1164 1381692176 PB ieee/std_logic_arith 1381692177 \
      PB ieee/STD_LOGIC_UNSIGNED 1381692179
AR work/segmentdriver/Behavioral 1418902078 \
      FL C:/Users/sinan/verilog/Seven_Segment_Display/segmentdriver.vhd \
      EN work/segmentdriver 1418902077 CP segmentDecoder CP clock_divider
FL C:/Users/sinan/verilog/ultrasonic/BCD_converter.vhd 2014/12/18.13:25:24 P.20131013
EN work/BCD_converter 1418902071 \
      FL C:/Users/sinan/verilog/ultrasonic/BCD_converter.vhd \
      PB ieee/std_logic_1164 1381692176 PB ieee/STD_LOGIC_UNSIGNED 1381692179
AR work/BCD_converter/Behavioral 1418902072 \
      FL C:/Users/sinan/verilog/ultrasonic/BCD_converter.vhd \
      EN work/BCD_converter 1418902071
FL C:/Users/sinan/verilog/ultrasonic/counter.vhd 2014/12/18.13:19:12 P.20131013
EN work/counter 1418902065 FL C:/Users/sinan/verilog/ultrasonic/counter.vhd \
      PB ieee/std_logic_1164 1381692176 PB ieee/STD_LOGIC_UNSIGNED 1381692179
AR work/counter/Behavioral 1418902066 \
      FL C:/Users/sinan/verilog/ultrasonic/counter.vhd EN work/counter 1418902065
FL C:/Users/sinan/verilog/ultrasonic/Distance_calculation.vhd 2014/12/18.13:19:44 P.20131013
EN work/Distance_calculation 1418902069 \
      FL C:/Users/sinan/verilog/ultrasonic/Distance_calculation.vhd \
      PB ieee/std_logic_1164 1381692176 PB ieee/STD_LOGIC_UNSIGNED 1381692179 \
      PB ieee/NUMERIC_STD 1381692181
AR work/Distance_calculation/Behavioral 1418902070 \
      FL C:/Users/sinan/verilog/ultrasonic/Distance_calculation.vhd \
      EN work/Distance_calculation 1418902069 CP Counter
FL C:/Users/sinan/verilog/ultrasonic/Range_sensor.vhd 2014/12/18.13:26:17 P.20131013
EN work/Range_sensor 1418902079 \
      FL C:/Users/sinan/verilog/ultrasonic/Range_sensor.vhd \
      PB ieee/std_logic_1164 1381692176 PB ieee/STD_LOGIC_UNSIGNED 1381692179 \
      PB ieee/NUMERIC_STD 1381692181
AR work/Range_sensor/Behavioral 1418902080 \
      FL C:/Users/sinan/verilog/ultrasonic/Range_sensor.vhd EN work/Range_sensor 1418902079 \
      CP trigger_generator CP distance_Calculation CP bcd_converter
FL C:/Users/sinan/verilog/ultrasonic/TopDesign.vhd 2014/12/18.13:27:39 P.20131013
EN work/TopDesign 1418902081 FL C:/Users/sinan/verilog/ultrasonic/TopDesign.vhd \
      PB ieee/std_logic_1164 1381692176 PB ieee/std_logic_arith 1381692177 \
      PB ieee/STD_LOGIC_UNSIGNED 1381692179
AR work/TopDesign/Behavioral 1418902082 \
      FL C:/Users/sinan/verilog/ultrasonic/TopDesign.vhd EN work/TopDesign 1418902081 \
      CP segmentDriver CP range_sensor
FL C:/Users/sinan/verilog/ultrasonic/Trigger_generator.vhd 2014/12/18.13:15:39 P.20131013
EN work/Trigger_generator 1418902067 \
      FL C:/Users/sinan/verilog/ultrasonic/Trigger_generator.vhd \
      PB ieee/std_logic_1164 1381692176
AR work/Trigger_generator/Behavioral 1418902068 \
      FL C:/Users/sinan/verilog/ultrasonic/Trigger_generator.vhd \
      EN work/Trigger_generator 1418902067 CP Counter
